// Jest Snapshot v1, https://goo.gl/fbAQLP

exports[`transforms symbolic links correctly 1`] = `
VFile {
  "cwd": "/Users/souporserious/Code/mdxts/mdxts",
  "data": {},
  "history": [],
  "messages": [],
  "value": "<html><head></head><body>Examples can be rendered in MDX using the helper <a href="/Example">Example</a> and <a href="/Preview">Preview</a> components. These component take a \`source\` prop, which is the name of the example file or code block in any of the [locations examples can exist](./01.writing.mdx).</body></html>",
}
`;
